1788657515.851 STARTED long-horizon-recovery 2026-09-06 resume (replay then resume)
1788657515.931 built throwaway git repository at <SCRATCH_ROOT>/lhr-fixture-nv_v12s8/repo
1788657515.932 launch: <PYTHON3> <BROTHER_SCRIPTS>/brother_run.py two files exist, the second after the first --cwd <SCRATCH_ROOT>/lhr-fixture-nv_v12s8/repo --runs-root <SCRATCH_ROOT>/lhr-fixture-nv_v12s8
1788657515.933 pid=69957 pgid=69957
1788657516.043 run_dir=<SCRATCH_ROOT>/lhr-fixture-nv_v12s8/docs/plan/runs/20260906T101835-two-files-exist-the-second-after-the-fir
1788657516.699 A1 reached DONE: first integration performed
1788657516.756 A2 claimed: {"attempt": 1, "claimed_at": 1788657516.751063, "expires_at": 1788658716.751063, "hostname": "BAP-00048.local", "owner": "brother-run-69957", "pid": 69957, "reclaimed_from": null, "state": "claimed", "unit_id": "A2", "work_id": "", "worker_id": "brother-run-69957/A2/1"}
1788657516.756 waiting 1.0s after the claim so the worker is genuinely mid-flight inside slow_model_body's 2.0s sleep before the kill lands
1788657517.780 captured canonical state (claims, store, receipts, integration record) before interruption: <SCRATCH_ROOT>/canonical_state_before_kill
1788657517.781 INJECTING INTERRUPTION per long-horizon-recovery.json seeded_conditions_note: 'a crash is a SIGKILL of the whole run's process group, the shape docs/plan/runs/live-autonomous-adversity-2026-09-04/ already drove' -- SIGKILL pgid=69957 pid=69957
1788657517.786 kill issued and process group reaped at 1788657517.786 (elapsed 0.005s since kill)
1788657517.787 A2 claim state after kill: {"attempt": 1, "claimed_at": 1788657516.751063, "expires_at": 1788658716.751063, "hostname": "BAP-00048.local", "owner": "brother-run-69957", "pid": 69957, "reclaimed_from": null, "state": "claimed", "unit_id": "A2", "work_id": "", "worker_id": "brother-run-69957/A2/1"}
1788657517.794 captured the killed run directory (run.log, journal.jsonl, claims, attempts, screens, all of it) before the resume can overwrite run.log in place: <SCRATCH_ROOT>/killed_run
1788657517.892 continuity capsule captured after the kill (exit=0) -> <SCRATCH_ROOT>/continuity_capsule_after_kill.json
1788657517.974 A1's recorded canonical_rev at integration time: c88a366d5aeafff4021b3d2d6664c176a76c992c
1788657517.974 WAIT: honest substitute for the temporal arm's 24-72 hour gap. The 2026-09-05-checkpoint carries the real calendar gap for the record (started 2026-09-04T21:22:39Z per its MANIFEST.json, verdict 'resume not before 2026-09-05T21:22:39Z', actually resumed 2026-09-06); this replay's fixture is a fresh mkdtemp built seconds ago in THIS session, so the only honest gap available to it is a real wall-clock sleep, named here as exactly what it is: 60s, not 24-72 hours.
1788657577.980 gap elapsed: 60.005s
1788657578.036 repository drift commit applied: 62c3fe249381ff5daf7e42c1d3fc34f2b9b53c34 (canonical was c88a366d5aeafff4021b3d2d6664c176a76c992c at kill time)
1788657578.114 continuity capsule re-read live from disk after the drift commit, before resume: canonical_revision='62c3fe249381ff5daf7e42c1d3fc34f2b9b53c34' (drift_rev=62c3fe249381ff5daf7e42c1d3fc34f2b9b53c34) -> matches=True
1788657578.114 no lease backdating and no wait: A2's owning pid is dead on this host (SIGKILLed above), and claim_store.dead_reason() reclaims on a dead pid regardless of remaining lease time, so the resume's own reconcile should reclaim it unaided
1788657578.114 RESUME. Documented invocation, copied verbatim from 2026-09-05-checkpoint/MANIFEST.json's own "resume_command": a bare re-invocation of the same outcome sentence, no --resume, no --continue. This is the ONE counted human intervention, and it is also the gauntlet's own "context loss" seeded condition: <PYTHON3> <BROTHER_SCRIPTS>/brother_run.py two files exist, the second after the first --cwd <SCRATCH_ROOT>/lhr-fixture-nv_v12s8/repo --runs-root <SCRATCH_ROOT>/lhr-fixture-nv_v12s8
1788657581.656 resume exited 0 in 3.543s; resume_acknowledgment_seconds=0.05285000801086426; first correct line: "brother_run: an unfinished run already covers 'two files exist, the second after the first'; resuming it instead of starting a new one"
1788657581.888 intent-resolution record: pre-kill=["brother_run: intent resolved: chose 'Proceed as decomposed', recorded by brother_run (recorded default: the top-ranked option)"] post-resume=[] -> re-taken=False
1788657581.888 per-unit verdicts read from the report: {'A1': 'PASS', 'A2': 'NO-DATA'}
1788657581.888 DRIFT DETECTION: the engine named the drift commit: 'brother_run: repository moved since the checkpoint: c88a366d5aea to 62c3fe249381, 1 commit(s); resumed units build on the new revision'
1788657581.888 reclaim evidence in run.log: ['abandoned   A2         owner pid 69957 is dead on this host, with 1138s still left on the lease while still in state cl', 'ABANDONED  A2         <OS_TMPDIR>/brother-lane-ldd96hsp/A2 owner=brother-run-69957  the lane is still on disk but owner pid 69957 is dead on this host, with 1138s still left on the lease while still claimed for unit A2. It is removed only by a human or by a future unit that names it']; in journal: ['{"at": "2026-09-06T01:18:36.751443+00:00", "event_id": "6c1f1f0f932b4bb6899e6886108ea936", "parent_ids": ["ba9eaa2720364e7ba48c7c04c28aab1a"], "payload": {"attempt": 1, "owner": "brother-run-69957", "reclaimed_from": null}, "run_id": "20260906T101835-two-files-exist-the-second-after-the-fir", "session_id": null, "type": "claim.acquired", "unit_id": "A2"}', '{"at": "2026-09-06T01:19:38.370127+00:00", "event_id": "59b0313e2d8344aa9e425ec79b545668", "parent_ids": ["ce0073008c0a4377b19adfd211aded94"], "payload": {"attempt": 2, "owner": "brother-run-71573", "reclaimed_from": "brother-run-69957"}, "run_id": "20260906T101835-two-files-exist-the-second-after-the-fir", "session_id": null, "type": "claim.acquired", "unit_id": "A2"}']
1788657581.918 false_claims_after_recovery: [] (reported=['A1'] git_merges=['A1', 'A2'])
1788657581.918 recovery_time_seconds=2.684211015701294 (reason=None); resume_acknowledgment_seconds=0.05285000801086426
1788657581.918 MEASURES: {"repeated_work": 0, "lost_decisions": 0, "lost_evidence": 0, "wrong_resumed_state": false, "human_interventions": 1, "recovery_time_seconds": 2.684211015701294, "false_claims_after_recovery": []}
1788657581.918 VERDICT: PARTIAL (the 24 to 72 hour temporal arm (workload family 8) stays NO-DATA per the gauntlet's own scoring rubric; drift_detection is present)
1788657581.919 DONE: driver finished, result written to <SCRATCH_ROOT>/result.json
