1788653974.407 STARTED long-horizon-recovery 2026-09-06 resume (replay then resume)
1788653974.481 built throwaway git repository at <SCRATCH_ROOT>/lhr-fixture-9osf69ha/repo
1788653974.482 launch: <HOME>/.local/bin/python3 <BROTHER_SCRIPTS>/brother_run.py two files exist, the second after the first --cwd <SCRATCH_ROOT>/lhr-fixture-9osf69ha/repo --runs-root <SCRATCH_ROOT>/lhr-fixture-9osf69ha
1788653974.484 pid=20525 pgid=20525
1788653974.604 run_dir=<SCRATCH_ROOT>/lhr-fixture-9osf69ha/docs/plan/runs/20260906T091934-two-files-exist-the-second-after-the-fir
1788653975.230 A1 reached DONE: first integration performed
1788653975.288 A2 claimed: {"attempt": 1, "claimed_at": 1788653975.273578, "expires_at": 1788655175.273578, "hostname": "<HOSTNAME>", "owner": "brother-run-20525", "pid": 20525, "reclaimed_from": null, "state": "claimed", "unit_id": "A2", "work_id": "", "worker_id": "brother-run-20525/A2/1"}
1788653975.288 waiting 1.0s after the claim so the worker is genuinely mid-flight inside slow_model_body's 2.0s sleep before the kill lands
1788653976.296 captured canonical state (claims, store, receipts, integration record) before interruption: <SCRATCH_ROOT>/canonical_state_before_kill
1788653976.296 INJECTING INTERRUPTION per long-horizon-recovery.json seeded_conditions_note: 'a crash is a SIGKILL of the whole run's process group, the shape docs/plan/runs/live-autonomous-adversity-2026-09-04/ already drove' -- SIGKILL pgid=20525 pid=20525
1788653976.298 kill issued and process group reaped at 1788653976.298 (elapsed 0.002s since kill)
1788653976.298 A2 claim state after kill: {"attempt": 1, "claimed_at": 1788653975.273578, "expires_at": 1788655175.273578, "hostname": "<HOSTNAME>", "owner": "brother-run-20525", "pid": 20525, "reclaimed_from": null, "state": "claimed", "unit_id": "A2", "work_id": "", "worker_id": "brother-run-20525/A2/1"}
1788653976.300 captured the killed run directory (run.log, journal.jsonl, claims, attempts, screens, all of it) before the resume can overwrite run.log in place: <SCRATCH_ROOT>/killed_run
1788653976.373 continuity capsule captured after the kill (exit=0) -> <SCRATCH_ROOT>/continuity_capsule_after_kill.json
1788653976.446 A1's recorded canonical_rev at integration time: 4cd78db049560233283138ea7704288925bebd73
1788653976.446 WAIT: honest substitute for the temporal arm's 24-72 hour gap. The 2026-09-05-checkpoint carries the real calendar gap for the record (started 2026-09-04T21:22:39Z per its MANIFEST.json, verdict 'resume not before 2026-09-05T21:22:39Z', actually resumed 2026-09-06); this replay's fixture is a fresh mkdtemp built seconds ago in THIS session, so the only honest gap available to it is a real wall-clock sleep, named here as exactly what it is: 60s, not 24-72 hours.
1788654036.456 gap elapsed: 60.010s
1788654036.509 repository drift commit applied: 408bd531fd0ceb2f7d31ffca6aa92dbe359445bc (canonical was 4cd78db049560233283138ea7704288925bebd73 at kill time)
1788654036.589 continuity capsule re-read live from disk after the drift commit, before resume: canonical_revision='408bd531fd0ceb2f7d31ffca6aa92dbe359445bc' (drift_rev=408bd531fd0ceb2f7d31ffca6aa92dbe359445bc) -> matches=True
1788654036.589 no lease backdating and no wait: A2's owning pid is dead on this host (SIGKILLed above), and claim_store.dead_reason() reclaims on a dead pid regardless of remaining lease time, so the resume's own reconcile should reclaim it unaided
1788654036.589 RESUME. Documented invocation, copied verbatim from 2026-09-05-checkpoint/MANIFEST.json's own "resume_command": a bare re-invocation of the same outcome sentence, no --resume, no --continue. This is the ONE counted human intervention, and it is also the gauntlet's own "context loss" seeded condition: <HOME>/.local/bin/python3 <BROTHER_SCRIPTS>/brother_run.py two files exist, the second after the first --cwd <SCRATCH_ROOT>/lhr-fixture-9osf69ha/repo --runs-root <SCRATCH_ROOT>/lhr-fixture-9osf69ha
1788654040.137 resume exited 0 in 3.547s; resume_acknowledgment_seconds=0.055480003356933594; first correct line: "brother_run: an unfinished run already covers 'two files exist, the second after the first'; resuming it instead of starting a new one"
1788654040.295 intent-resolution record: pre-kill=["brother_run: intent resolved: chose 'Proceed as decomposed', recorded by brother_run (recorded default: the top-ranked option)"] post-resume=["brother_run: intent resolved: chose 'Proceed as decomposed', recorded by brother_run (recorded default: the top-ranked option)"] -> re-taken=True
1788654040.295 per-unit verdicts read from the report: {'A1': 'PASS', 'A2': 'NO-DATA'}
1788654040.295 DRIFT DETECTION: NO-DATA: no engine output or journal event names the repository change. The run proves drift tolerance, that the resumed unit built on the new HEAD, not drift detection.
1788654040.296 reclaim evidence in run.log: ['abandoned   A2         owner pid 20525 is dead on this host, with 1138s still left on the lease while still in state cl', 'ABANDONED  A2         <OS_TMPDIR> owner=brother-run-20525  the lane is still on disk but owner pid 20525 is dead on this host, with 1138s still left on the lease while still claimed for unit A2. It is removed only by a human or by a future unit that names it']; in journal: ['{"at": "2026-09-06T00:19:35.273920+00:00", "event_id": "0b5a3c45ce8242ab9475316165ec8058", "parent_ids": ["ece41c8bc5f14614b834aec295dbacdb"], "payload": {"attempt": 1, "owner": "brother-run-20525", "reclaimed_from": null}, "run_id": "20260906T091934-two-files-exist-the-second-after-the-fir", "session_id": null, "type": "claim.acquired", "unit_id": "A2"}', '{"at": "2026-09-06T00:20:36.857282+00:00", "event_id": "3e922ac42d3e417eb2fbca47b4ba4986", "parent_ids": ["5488dec27b964fd498bd73461f087be7"], "payload": {"attempt": 2, "owner": "brother-run-25585", "reclaimed_from": "brother-run-20525"}, "run_id": "20260906T091934-two-files-exist-the-second-after-the-fir", "session_id": null, "type": "claim.acquired", "unit_id": "A2"}']
1788654040.325 false_claims_after_recovery: ['A2 (printed as verified by, but its own verdict reads NO-DATA)'] (reported=['A1', 'A2'] git_merges=['A1', 'A2'])
1788654040.325 recovery_time_seconds=2.6857221126556396 (reason=None); resume_acknowledgment_seconds=0.055480003356933594
1788654040.325 MEASURES: {"repeated_work": 0, "lost_decisions": 1, "lost_evidence": 0, "wrong_resumed_state": false, "human_interventions": 1, "recovery_time_seconds": 2.6857221126556396, "false_claims_after_recovery": ["A2 (printed as verified by, but its own verdict reads NO-DATA)"]}
1788654040.325 VERDICT: PARTIAL (the 24 to 72 hour temporal arm (workload family 8) stays NO-DATA per the gauntlet's own scoring rubric; drift_detection is NO-DATA)
1788654040.325 DONE: driver finished, result written to <SCRATCH_ROOT>/result.json
